main.c:100:6:delay	16	static
main.c:109:6:Set_Pin_Output	40	static
main.c:118:6:Set_Pin_Input	40	static
main.c:129:6:Display_ModoAutom	40	static
main.c:138:6:Display_ModoManual	40	static
main.c:147:6:Display_Temp	48	static
main.c:157:6:Display_Pot	40	static
main.c:170:9:DS18B20_Start	16	static
main.c:188:6:DS18B20_Write	24	static
main.c:220:9:DS18B20_Read	16	static
main.c:245:6:avanceMotor	16	static
main.c:253:6:pareMotor	8	static
main.c:262:5:porcentajePot	16	static
main.c:269:5:debouncer	24	static
main.c:331:5:main	8	static
main.c:474:6:SystemClock_Config	88	static
main.c:518:13:MX_ADC1_Init	24	static
main.c:568:13:MX_I2C1_Init	8	static
main.c:602:13:MX_TIM6_Init	16	static
main.c:640:13:MX_TIM9_Init	40	static
main.c:682:13:MX_GPIO_Init	56	static
main.c:738:6:HAL_GPIO_EXTI_Callback	16	static
main.c:763:6:Error_Handler	4	static,ignoring_inline_asm
