main.c:94:6:delay	16	static
main.c:103:6:Set_Pin_Output	40	static
main.c:112:6:Set_Pin_Input	40	static
main.c:123:6:Display_ModoAutom	40	static
main.c:132:6:Display_ModoManual	40	static
main.c:141:6:Display_Temp	48	static
main.c:162:9:DS18B20_Start	16	static
main.c:180:6:DS18B20_Write	24	static
main.c:212:9:DS18B20_Read	16	static
main.c:279:6:avanceMotor	16	static
main.c:287:6:pareMotor	8	static
main.c:314:5:main	8	static
main.c:449:6:SystemClock_Config	88	static
main.c:493:13:MX_I2C1_Init	8	static
main.c:527:13:MX_TIM6_Init	16	static
main.c:565:13:MX_TIM9_Init	40	static
main.c:607:13:MX_GPIO_Init	56	static
main.c:673:6:HAL_GPIO_EXTI_Callback	16	static
main.c:695:6:Error_Handler	4	static,ignoring_inline_asm
